// Jest Snapshot v1, https://goo.gl/fbAQLP

exports[`Should render ExpenseList with empty message 1`] = `
<div>
  <p>
    No expenses
  </p>
</div>
`;

exports[`Should render ExpenseList with expenses 1`] = `
<div>
  <ExpenseListItem
    amount={150}
    createdAt={0}
    description="Rent"
    id={1}
    key="1"
    note=""
  />
  <ExpenseListItem
    amount={2000}
    createdAt={-345600000}
    description="Cream"
    id={2}
    key="2"
    note="note number 2"
  />
  <ExpenseListItem
    amount={600}
    createdAt={345600000}
    description="JS Course"
    id={3}
    key="3"
    note=""
  />
  <ExpenseListItem
    amount={5500}
    createdAt={-518400000}
    description="Heater"
    id={4}
    key="4"
    note="note number 4"
  />
</div>
`;
